<ul class="navigation">
    <li>
        <a href="site1">Site 1</a>
    </li>
    <li class="activated">
        <a href="site2" aria-current="page">Site 2</a>
    </li>
    <li>
        <a href="site3">Site 3</a>
    </li>
</ul>
