<ul class="navigation">
    <li class="active">
        <a href="page2&#x2F;page2_3&#x2F;page2_3_3&#x2F;1" aria-current="page">Page 2.3.3.1</a>
    </li>
    <li class="active">
        <a href="page2&#x2F;page2_3&#x2F;page2_3_3&#x2F;2" aria-current="page">Page 2.3.3.2</a>
    </li>
</ul>