<a href="page2">Page 2</a> &gt; <a href="page2&#x2F;page2_2">Page 2.2</a> &gt; <span aria-current="page">Page 2.2.2</span>