<a href="page2">Page 2</a> &gt; <span aria-current="page">Page 2.3</span>