<a href="page2">Page 2</a>foo<a href="page2&#x2F;page2_3">Page 2.3</a>foo<a href="page2&#x2F;page2_3&#x2F;page2_3_3">Page 2.3.3</a>foo<span aria-current="page">Page 2.3.3.1</span>